// Vitest Snapshot v1, https://vitest.dev/guide/snapshot.html

exports[`quirks > $ref quirks > should retain $ref pointers in the schema even if they're circular 1`] = `
[
  {
    "description": "OK",
    "label": "Response body",
    "schema": {
      "$schema": "http://json-schema.org/draft-04/schema#",
      "components": {
        "schemas": {
          "ProductStock": {
            "properties": {
              "test_param": {
                "items": {
                  "$ref": "#/components/schemas/SalesLine",
                },
                "type": "array",
              },
            },
          },
          "SalesLine": {
            "properties": {
              "stock": {
                "$ref": "#/components/schemas/ProductStock",
              },
            },
            "type": "object",
          },
          "dateTime": {
            "format": "date-time",
            "type": "string",
          },
          "offset": {
            "properties": {
              "id": {
                "type": "string",
              },
              "rules": {
                "$ref": "#/components/schemas/rules",
              },
            },
            "type": "object",
          },
          "offsetTransition": {
            "properties": {
              "dateTime": {
                "format": "date-time",
                "type": "string",
              },
              "offsetAfter": {
                "$ref": "#/components/schemas/offset",
              },
              "offsetBefore": {
                "$ref": "#/components/schemas/offset",
              },
            },
            "type": "object",
          },
          "rules": {
            "properties": {
              "transitions": {
                "items": {
                  "$ref": "#/components/schemas/offsetTransition",
                },
                "type": "array",
              },
            },
            "type": "object",
          },
        },
      },
      "items": {
        "$ref": "#/components/schemas/SalesLine",
      },
      "type": "array",
    },
    "type": "array",
  },
]
`;
