// Vitest Snapshot v1, https://vitest.dev/guide/snapshot.html

exports[`#validate > should error out, and show all errors, when a definition has lots of problems 1`] = `
"OpenAPI schema validation failed.

REQUIRED must have required property 'url'

   7 |   },
   8 |   "servers": [
>  9 |     {
     |     ^ ☹️  url is missing here!
  10 |       "urll": "http://petstore.swagger.io/v2"
  11 |     }
  12 |   ],

ADDITIONAL PROPERTY must NOT have additional properties

  24 |     "/pet/findByStatus": {
  25 |       "get": {
> 26 |         "tagss": [
     |         ^^^^^^^ 😲  tagss is not expected to be here!
  27 |           "pet"
  28 |         ],
  29 |         "summary": "Finds Pets by status","
`;

exports[`#validate > should error out, and show all errors, when a definition has lots of problems 2`] = `
[
  {
    "instancePath": "/servers/0",
    "keyword": "required",
    "message": "must have required property 'url'",
    "params": {
      "missingProperty": "url",
    },
    "schemaPath": "#/required",
  },
  {
    "instancePath": "/servers/0",
    "keyword": "additionalProperties",
    "message": "must NOT have additional properties",
    "params": {
      "additionalProperty": "urll",
    },
    "schemaPath": "#/additionalProperties",
  },
  {
    "instancePath": "/paths/~1pet~1findByStatus/get",
    "isIdentifierLocation": true,
    "keyword": "additionalProperties",
    "message": "must NOT have additional properties",
    "params": {
      "additionalProperty": "tagss",
    },
    "schemaPath": "#/additionalProperties",
  },
]
`;
