// Vitest Snapshot v1, https://vitest.dev/guide/snapshot.html

exports[`\`allowEmptyValue\` support > should support allowEmptyValue 1`] = `
{
  "properties": {
    "allOf:array of primitives:allowEmptyValue[false]default[]": {
      "items": {
        "allowEmptyValue": false,
        "type": "string",
      },
      "type": "array",
    },
    "allOf:array of primitives:default[]": {
      "items": {
        "type": "string",
      },
      "type": "array",
    },
    "allOf:array with an array of primitives:allowEmptyValue[false]default[]": {
      "items": {
        "items": {
          "allowEmptyValue": false,
          "type": "string",
        },
        "type": "array",
      },
      "type": "array",
    },
    "allOf:array with an array of primitives:default[]": {
      "items": {
        "items": {
          "type": "string",
        },
        "type": "array",
      },
      "type": "array",
    },
    "allOf:mixed primitive:allowEmptyValue[false]default[]": {
      "allowEmptyValue": false,
      "type": [
        "string",
        "number",
      ],
    },
    "allOf:mixed primitive:default[]": {
      "type": [
        "string",
        "number",
      ],
    },
    "allOf:object with primitives and mixed arrays:allowEmptyValue[false]default[]": {
      "properties": {
        "param1": {
          "allowEmptyValue": false,
          "type": "string",
        },
        "param2": {
          "items": {
            "items": {
              "allowEmptyValue": false,
              "type": "string",
            },
            "type": "array",
          },
          "type": "array",
        },
      },
      "type": "object",
    },
    "allOf:object with primitives and mixed arrays:default[]": {
      "properties": {
        "param1": {
          "type": "string",
        },
        "param2": {
          "items": {
            "items": {
              "type": "string",
            },
            "type": "array",
          },
          "type": "array",
        },
      },
      "type": "object",
    },
    "allOf:primitive string:allowEmptyValue[false]default[]": {
      "allowEmptyValue": false,
      "type": "string",
    },
    "allOf:primitive string:default[]": {
      "type": "string",
    },
    "anyOf:array of primitives:allowEmptyValue[false]default[]": {
      "anyOf": [
        {
          "items": {
            "allowEmptyValue": false,
            "type": "string",
          },
          "type": "array",
        },
        {
          "items": {
            "allowEmptyValue": false,
            "type": "string",
          },
          "type": "array",
        },
      ],
    },
    "anyOf:array of primitives:default[]": {
      "anyOf": [
        {
          "items": {
            "type": "string",
          },
          "type": "array",
        },
        {
          "items": {
            "type": "string",
          },
          "type": "array",
        },
      ],
    },
    "anyOf:array with an array of primitives:allowEmptyValue[false]default[]": {
      "anyOf": [
        {
          "items": {
            "items": {
              "allowEmptyValue": false,
              "type": "string",
            },
            "type": "array",
          },
          "type": "array",
        },
        {
          "items": {
            "items": {
              "allowEmptyValue": false,
              "type": "string",
            },
            "type": "array",
          },
          "type": "array",
        },
      ],
    },
    "anyOf:array with an array of primitives:default[]": {
      "anyOf": [
        {
          "items": {
            "items": {
              "type": "string",
            },
            "type": "array",
          },
          "type": "array",
        },
        {
          "items": {
            "items": {
              "type": "string",
            },
            "type": "array",
          },
          "type": "array",
        },
      ],
    },
    "anyOf:mixed primitive:allowEmptyValue[false]default[]": {
      "anyOf": [
        {
          "allowEmptyValue": false,
          "type": [
            "string",
            "number",
          ],
        },
        {
          "allowEmptyValue": false,
          "type": [
            "string",
            "number",
          ],
        },
      ],
    },
    "anyOf:mixed primitive:default[]": {
      "anyOf": [
        {
          "type": [
            "string",
            "number",
          ],
        },
        {
          "type": [
            "string",
            "number",
          ],
        },
      ],
    },
    "anyOf:object with primitives and mixed arrays:allowEmptyValue[false]default[]": {
      "anyOf": [
        {
          "properties": {
            "param1": {
              "allowEmptyValue": false,
              "type": "string",
            },
            "param2": {
              "items": {
                "items": {
                  "allowEmptyValue": false,
                  "type": "string",
                },
                "type": "array",
              },
              "type": "array",
            },
          },
          "type": "object",
        },
        {
          "properties": {
            "param1": {
              "allowEmptyValue": false,
              "type": "string",
            },
            "param2": {
              "items": {
                "items": {
                  "allowEmptyValue": false,
                  "type": "string",
                },
                "type": "array",
              },
              "type": "array",
            },
          },
          "type": "object",
        },
      ],
    },
    "anyOf:object with primitives and mixed arrays:default[]": {
      "anyOf": [
        {
          "properties": {
            "param1": {
              "type": "string",
            },
            "param2": {
              "items": {
                "items": {
                  "type": "string",
                },
                "type": "array",
              },
              "type": "array",
            },
          },
          "type": "object",
        },
        {
          "properties": {
            "param1": {
              "type": "string",
            },
            "param2": {
              "items": {
                "items": {
                  "type": "string",
                },
                "type": "array",
              },
              "type": "array",
            },
          },
          "type": "object",
        },
      ],
    },
    "anyOf:primitive string:allowEmptyValue[false]default[]": {
      "anyOf": [
        {
          "allowEmptyValue": false,
          "type": "string",
        },
        {
          "allowEmptyValue": false,
          "type": "string",
        },
      ],
    },
    "anyOf:primitive string:default[]": {
      "anyOf": [
        {
          "type": "string",
        },
        {
          "type": "string",
        },
      ],
    },
    "array of primitives:allowEmptyValue[false]default[]": {
      "items": {
        "allowEmptyValue": false,
        "type": "string",
      },
      "type": "array",
    },
    "array of primitives:allowEmptyValue[true]default[]": {
      "items": {
        "allowEmptyValue": true,
        "default": "",
        "type": "string",
      },
      "type": "array",
    },
    "array of primitives:default[]": {
      "items": {
        "type": "string",
      },
      "type": "array",
    },
    "array with an array of primitives:allowEmptyValue[false]default[]": {
      "items": {
        "items": {
          "allowEmptyValue": false,
          "type": "string",
        },
        "type": "array",
      },
      "type": "array",
    },
    "array with an array of primitives:allowEmptyValue[true]default[]": {
      "items": {
        "items": {
          "allowEmptyValue": true,
          "default": "",
          "type": "string",
        },
        "type": "array",
      },
      "type": "array",
    },
    "array with an array of primitives:default[]": {
      "items": {
        "items": {
          "type": "string",
        },
        "type": "array",
      },
      "type": "array",
    },
    "mixed primitive:allowEmptyValue[false]default[]": {
      "allowEmptyValue": false,
      "type": [
        "string",
        "number",
      ],
    },
    "mixed primitive:allowEmptyValue[true]default[]": {
      "allowEmptyValue": true,
      "default": "",
      "type": [
        "string",
        "number",
      ],
    },
    "mixed primitive:default[]": {
      "type": [
        "string",
        "number",
      ],
    },
    "object with primitives and mixed arrays:allowEmptyValue[false]default[]": {
      "properties": {
        "param1": {
          "allowEmptyValue": false,
          "type": "string",
        },
        "param2": {
          "items": {
            "items": {
              "allowEmptyValue": false,
              "type": "string",
            },
            "type": "array",
          },
          "type": "array",
        },
      },
      "type": "object",
    },
    "object with primitives and mixed arrays:allowEmptyValue[true]default[]": {
      "properties": {
        "param1": {
          "allowEmptyValue": true,
          "default": "",
          "type": "string",
        },
        "param2": {
          "items": {
            "items": {
              "allowEmptyValue": true,
              "default": "",
              "type": "string",
            },
            "type": "array",
          },
          "type": "array",
        },
      },
      "type": "object",
    },
    "object with primitives and mixed arrays:default[]": {
      "properties": {
        "param1": {
          "type": "string",
        },
        "param2": {
          "items": {
            "items": {
              "type": "string",
            },
            "type": "array",
          },
          "type": "array",
        },
      },
      "type": "object",
    },
    "oneOf:array of primitives:allowEmptyValue[true]default[]": {
      "oneOf": [
        {
          "items": {
            "allowEmptyValue": true,
            "default": "",
            "type": "string",
          },
          "type": "array",
        },
        {
          "items": {
            "allowEmptyValue": true,
            "default": "",
            "type": "string",
          },
          "type": "array",
        },
      ],
    },
    "oneOf:array of primitives:default[]": {
      "oneOf": [
        {
          "items": {
            "type": "string",
          },
          "type": "array",
        },
        {
          "items": {
            "type": "string",
          },
          "type": "array",
        },
      ],
    },
    "oneOf:array with an array of primitives:allowEmptyValue[true]default[]": {
      "oneOf": [
        {
          "items": {
            "items": {
              "allowEmptyValue": true,
              "default": "",
              "type": "string",
            },
            "type": "array",
          },
          "type": "array",
        },
        {
          "items": {
            "items": {
              "allowEmptyValue": true,
              "default": "",
              "type": "string",
            },
            "type": "array",
          },
          "type": "array",
        },
      ],
    },
    "oneOf:array with an array of primitives:default[]": {
      "oneOf": [
        {
          "items": {
            "items": {
              "type": "string",
            },
            "type": "array",
          },
          "type": "array",
        },
        {
          "items": {
            "items": {
              "type": "string",
            },
            "type": "array",
          },
          "type": "array",
        },
      ],
    },
    "oneOf:mixed primitive:allowEmptyValue[true]default[]": {
      "oneOf": [
        {
          "allowEmptyValue": true,
          "default": "",
          "type": [
            "string",
            "number",
          ],
        },
        {
          "allowEmptyValue": true,
          "default": "",
          "type": [
            "string",
            "number",
          ],
        },
      ],
    },
    "oneOf:mixed primitive:default[]": {
      "oneOf": [
        {
          "type": [
            "string",
            "number",
          ],
        },
        {
          "type": [
            "string",
            "number",
          ],
        },
      ],
    },
    "oneOf:object with primitives and mixed arrays:allowEmptyValue[true]default[]": {
      "oneOf": [
        {
          "properties": {
            "param1": {
              "allowEmptyValue": true,
              "default": "",
              "type": "string",
            },
            "param2": {
              "items": {
                "items": {
                  "allowEmptyValue": true,
                  "default": "",
                  "type": "string",
                },
                "type": "array",
              },
              "type": "array",
            },
          },
          "type": "object",
        },
        {
          "properties": {
            "param1": {
              "allowEmptyValue": true,
              "default": "",
              "type": "string",
            },
            "param2": {
              "items": {
                "items": {
                  "allowEmptyValue": true,
                  "default": "",
                  "type": "string",
                },
                "type": "array",
              },
              "type": "array",
            },
          },
          "type": "object",
        },
      ],
    },
    "oneOf:object with primitives and mixed arrays:default[]": {
      "oneOf": [
        {
          "properties": {
            "param1": {
              "type": "string",
            },
            "param2": {
              "items": {
                "items": {
                  "type": "string",
                },
                "type": "array",
              },
              "type": "array",
            },
          },
          "type": "object",
        },
        {
          "properties": {
            "param1": {
              "type": "string",
            },
            "param2": {
              "items": {
                "items": {
                  "type": "string",
                },
                "type": "array",
              },
              "type": "array",
            },
          },
          "type": "object",
        },
      ],
    },
    "oneOf:primitive string:allowEmptyValue[true]default[]": {
      "oneOf": [
        {
          "allowEmptyValue": true,
          "default": "",
          "type": "string",
        },
        {
          "allowEmptyValue": true,
          "default": "",
          "type": "string",
        },
      ],
    },
    "oneOf:primitive string:default[]": {
      "oneOf": [
        {
          "type": "string",
        },
        {
          "type": "string",
        },
      ],
    },
    "primitive string:allowEmptyValue[false]default[]": {
      "allowEmptyValue": false,
      "type": "string",
    },
    "primitive string:allowEmptyValue[true]default[]": {
      "allowEmptyValue": true,
      "default": "",
      "type": "string",
    },
    "primitive string:default[]": {
      "type": "string",
    },
  },
  "type": "object",
}
`;

exports[`\`description\` support > should support description 1`] = `
{
  "properties": {
    "allOf:array of primitives:description[example description]": {
      "items": {
        "description": "example description",
        "type": "string",
      },
      "type": "array",
    },
    "allOf:array with an array of primitives:description[example description]": {
      "items": {
        "items": {
          "description": "example description",
          "type": "string",
        },
        "type": "array",
      },
      "type": "array",
    },
    "allOf:mixed primitive:description[example description]": {
      "description": "example description",
      "type": [
        "string",
        "number",
      ],
    },
    "allOf:object with primitives and mixed arrays:description[example description]": {
      "properties": {
        "param1": {
          "description": "example description",
          "type": "string",
        },
        "param2": {
          "items": {
            "items": {
              "description": "example description",
              "type": "string",
            },
            "type": "array",
          },
          "type": "array",
        },
      },
      "type": "object",
    },
    "allOf:primitive string:description[example description]": {
      "description": "example description",
      "type": "string",
    },
    "anyOf:array of primitives:description[example description]": {
      "anyOf": [
        {
          "items": {
            "description": "example description",
            "type": "string",
          },
          "type": "array",
        },
        {
          "items": {
            "description": "example description",
            "type": "string",
          },
          "type": "array",
        },
      ],
    },
    "anyOf:array with an array of primitives:description[example description]": {
      "anyOf": [
        {
          "items": {
            "items": {
              "description": "example description",
              "type": "string",
            },
            "type": "array",
          },
          "type": "array",
        },
        {
          "items": {
            "items": {
              "description": "example description",
              "type": "string",
            },
            "type": "array",
          },
          "type": "array",
        },
      ],
    },
    "anyOf:mixed primitive:description[example description]": {
      "anyOf": [
        {
          "description": "example description",
          "type": [
            "string",
            "number",
          ],
        },
        {
          "description": "example description",
          "type": [
            "string",
            "number",
          ],
        },
      ],
    },
    "anyOf:object with primitives and mixed arrays:description[example description]": {
      "anyOf": [
        {
          "properties": {
            "param1": {
              "description": "example description",
              "type": "string",
            },
            "param2": {
              "items": {
                "items": {
                  "description": "example description",
                  "type": "string",
                },
                "type": "array",
              },
              "type": "array",
            },
          },
          "type": "object",
        },
        {
          "properties": {
            "param1": {
              "description": "example description",
              "type": "string",
            },
            "param2": {
              "items": {
                "items": {
                  "description": "example description",
                  "type": "string",
                },
                "type": "array",
              },
              "type": "array",
            },
          },
          "type": "object",
        },
      ],
    },
    "anyOf:primitive string:description[example description]": {
      "anyOf": [
        {
          "description": "example description",
          "type": "string",
        },
        {
          "description": "example description",
          "type": "string",
        },
      ],
    },
    "array of primitives:description[example description]": {
      "items": {
        "description": "example description",
        "type": "string",
      },
      "type": "array",
    },
    "array with an array of primitives:description[example description]": {
      "items": {
        "items": {
          "description": "example description",
          "type": "string",
        },
        "type": "array",
      },
      "type": "array",
    },
    "mixed primitive:description[example description]": {
      "description": "example description",
      "type": [
        "string",
        "number",
      ],
    },
    "object with primitives and mixed arrays:description[example description]": {
      "properties": {
        "param1": {
          "description": "example description",
          "type": "string",
        },
        "param2": {
          "items": {
            "items": {
              "description": "example description",
              "type": "string",
            },
            "type": "array",
          },
          "type": "array",
        },
      },
      "type": "object",
    },
    "oneOf:array of primitives:description[example description]": {
      "oneOf": [
        {
          "items": {
            "description": "example description",
            "type": "string",
          },
          "type": "array",
        },
        {
          "items": {
            "description": "example description",
            "type": "string",
          },
          "type": "array",
        },
      ],
    },
    "oneOf:array with an array of primitives:description[example description]": {
      "oneOf": [
        {
          "items": {
            "items": {
              "description": "example description",
              "type": "string",
            },
            "type": "array",
          },
          "type": "array",
        },
        {
          "items": {
            "items": {
              "description": "example description",
              "type": "string",
            },
            "type": "array",
          },
          "type": "array",
        },
      ],
    },
    "oneOf:mixed primitive:description[example description]": {
      "oneOf": [
        {
          "description": "example description",
          "type": [
            "string",
            "number",
          ],
        },
        {
          "description": "example description",
          "type": [
            "string",
            "number",
          ],
        },
      ],
    },
    "oneOf:object with primitives and mixed arrays:description[example description]": {
      "oneOf": [
        {
          "properties": {
            "param1": {
              "description": "example description",
              "type": "string",
            },
            "param2": {
              "items": {
                "items": {
                  "description": "example description",
                  "type": "string",
                },
                "type": "array",
              },
              "type": "array",
            },
          },
          "type": "object",
        },
        {
          "properties": {
            "param1": {
              "description": "example description",
              "type": "string",
            },
            "param2": {
              "items": {
                "items": {
                  "description": "example description",
                  "type": "string",
                },
                "type": "array",
              },
              "type": "array",
            },
          },
          "type": "object",
        },
      ],
    },
    "oneOf:primitive string:description[example description]": {
      "oneOf": [
        {
          "description": "example description",
          "type": "string",
        },
        {
          "description": "example description",
          "type": "string",
        },
      ],
    },
    "primitive string:description[example description]": {
      "description": "example description",
      "type": "string",
    },
  },
  "type": "object",
}
`;

exports[`\`description\` support > should support description in an \`allOf\` and should prioritize the one from the last schema 1`] = `
{
  "properties": {
    "meta": {
      "description": "only meta description",
      "type": "string",
    },
    "robots": {
      "deprecated": true,
      "description": "second robots description",
      "readOnly": true,
      "type": "string",
    },
    "uri": {
      "description": "second uri description",
      "readOnly": true,
      "type": "string",
    },
  },
  "type": "object",
}
`;
